>Sequence ok
MFELASSNRIWLDV
>Sequence ok RNA
MFELASSNRIWLDV
>Sequence mid stop codon
MFELAS*
>Sequence early ambiguous
XTHGDAEMHAESDS
>Sequence late double ambiguous
PTHGDAEMHEESLS
>Sequence invalid codon
PTHGDAEMHEEXMS
>Sequence triple N
PTHGDEMXHEESMS
>Sequence non triple codon
PTHGDEMXHEESM
