>Sequence ok
DVEPYSIRAS*LEH
>Sequence ok RNA
DVEPYSIRAS*LEH
>Sequence mid stop codon
DVEPYSSLAS*LEH
>Sequence early ambiguous
*VTFCMHLCIPMSX
>Sequence late double ambiguous
*XTFFMHLCIPMSW
>Sequence invalid codon
*HTFFMHLCIPMSW
>Sequence triple N
*HTFFMXHLIPMSW
>Sequence non triple codon
DILSSXXISSP*V
