>Sequence ok
MFELASSNRIWLDV
>Sequence mid stop codon
MFELAS*RGIWLDV
>Sequence early ambiguous
THGDAEMHAESDS
>Sequence late double ambiguous
PTHGDAEMHEESLS
>Sequence invalid codon
PTHGDAEMHEEMS
>Sequence triple N
PTHGDEMHEESMS
>Sequence non triple codon
PTHGDEMHEESM
