>Sequence ok
DVEPYSIRAS*
>Sequence ok RNA
DVEPYSIRAS*
>Sequence mid stop codon
DVEPYSSLAS*
>Sequence early ambiguous
*
>Sequence late double ambiguous
*
>Sequence invalid codon
*
>Sequence triple N
*
>Sequence non triple codon
DILSSXXISSP*
