Will translate frame 0 on strand <-
Using * as stop symbol
Reading from tests/test.fa
WARN: Sequence with length not multiple of 3. Last 2 bases ignored on '>Sequence non triple codon'
