>Sequence ok
CSS*LARIEYGST
>Sequence ok RNA
CSS*LARIEYGST
>Sequence mid stop codon
CSS*LAREEYGST
>Sequence early ambiguous
XLMGMQRCMQKVT
>Sequence late double ambiguous
QLMGMQRCMKKVX
>Sequence invalid codon
QLMGMQRCMKXVC
>Sequence triple N
QLMGMRXXMKKVC
>Sequence non triple codon
QLMGMRXXMKKVC
